// Jest Snapshot v1, https://goo.gl/fbAQLP

exports[`DruxtLayoutParagraph Default 1`] = `
Object {
  "$attrs": Object {
    "children": undefined,
    "entity": undefined,
    "langcode": undefined,
  },
  "is": "DruxtWrapper",
  "options": Array [
    "DruxtLayoutParagraphDefault",
  ],
  "props": Object {},
  "propsData": Object {
    "children": undefined,
    "entity": undefined,
    "langcode": undefined,
  },
  "settings": Object {},
  "slots": Array [
    "default",
  ],
}
`;

exports[`DruxtLayoutParagraph Slots 1`] = `
Object {
  "$attrs": Object {
    "children": undefined,
    "entity": undefined,
    "langcode": undefined,
  },
  "is": "DruxtWrapper",
  "options": Array [
    "DruxtLayoutParagraphDefault",
  ],
  "props": Object {},
  "propsData": Object {
    "children": undefined,
    "entity": undefined,
    "langcode": undefined,
  },
  "settings": Object {},
  "slots": Array [
    "default",
  ],
}
`;
